
> amisi-hospital-saas@ build C:\Users\amisi\OneDrive\Documents\GitHub\Amisi-Hospital-Management-System
> turbo run build "--continue" "--no-cache"

pnpm :  WARNING  --no-cache is deprecated and will be removed in a future major version. Use --cache=local:r,remote:r
At line:1 char:1
+ pnpm build --continue --no-cache > build-output.txt 2>&1; Get-Content ...
+ ~~~~~~~~~~~~~~~~~~~~~~~~~~~~~~~~~~~~~~~~~~~~~~~~~~~~~~~~
    + CategoryInfo          : NotSpecified: ( WARNING  --no-...ocal:r,remote:r:String) [], RemoteException
    + FullyQualifiedErrorId : NativeCommandError
 
ΓÇó turbo 2.8.12
ΓÇó Packages in scope: @amisimedos/auth, @amisimedos/config, @amisimedos/database, @amisimedos/local-server, @amisimedos/realtime, @amisimedos/sync-engine, @amisimedos/ui, web
ΓÇó Running build in 8 packages
ΓÇó Remote caching disabled
@amisimedos/database:build: cache miss, executing 52ee9b7ea5f8ba89
@amisimedos/database:build: 
@amisimedos/database:build: > @amisimedos/database@1.0.0 build C:\Users\amisi\OneDrive\Documents\GitHub\Amisi-Hospital-Management-System\packages\database
@amisimedos/database:build: > pnpm db:generate && tsc
@amisimedos/database:build: 
@amisimedos/database:build: 
@amisimedos/database:build: > @amisimedos/database@1.0.0 db:generate C:\Users\amisi\OneDrive\Documents\GitHub\Amisi-Hospital-Management-System\packages\database
@amisimedos/database:build: > pnpm db:generate:control && pnpm db:generate:tenant
@amisimedos/database:build: 
@amisimedos/database:build: 
@amisimedos/database:build: > @amisimedos/database@1.0.0 db:generate:control C:\Users\amisi\OneDrive\Documents\GitHub\Amisi-Hospital-Management-System\packages\database
@amisimedos/database:build: > prisma generate --schema=./prisma/control.prisma
@amisimedos/database:build: 
@amisimedos/database:build: Environment variables loaded from .env
@amisimedos/database:build: Prisma schema loaded from prisma\control.prisma
@amisimedos/database:build: Error: 
@amisimedos/database:build: EPERM: operation not permitted, rename 'C:\Users\amisi\OneDrive\Documents\GitHub\Amisi-Hospital-Management-System\packages\node_modules\@amisi\control-client\query_engine-windows.dll.node.tmp25888' -> 'C:\Users\amisi\OneDrive\Documents\GitHub\Amisi-Hospital-Management-System\packages\node_modules\@amisi\control-client\query_engine-windows.dll.node'
@amisimedos/database:build: 
@amisimedos/database:build: 
@amisimedos/database:build: ΓÇëELIFECYCLEΓÇë Command failed with exit code 1.
@amisimedos/database:build: ΓÇëELIFECYCLEΓÇë Command failed with exit code 1.
@amisimedos/database:build: ΓÇëELIFECYCLEΓÇë Command failed with exit code 1.
@amisimedos/database:build: command finished with error, but continuing...
@amisimedos/sync-engine:build: cache miss, executing 42c769efa4cd7268
@amisimedos/sync-engine:build: 
@amisimedos/sync-engine:build: > @amisimedos/sync-engine@1.0.0 build C:\Users\amisi\OneDrive\Documents\GitHub\Amisi-Hospital-Management-System\packages\sync-engine
@amisimedos/sync-engine:build: > tsc
@amisimedos/sync-engine:build: 
@amisimedos/local-server:build: cache miss, executing 2391451c9aab3031
web:build: cache miss, executing 160be7954faeab3f
@amisimedos/local-server:build: 
@amisimedos/local-server:build: > @amisimedos/local-server@1.0.0 build C:\Users\amisi\OneDrive\Documents\GitHub\Amisi-Hospital-Management-System\apps\local-server
@amisimedos/local-server:build: > tsc
@amisimedos/local-server:build: 
web:build: 
web:build: > web@0.1.0 build C:\Users\amisi\OneDrive\Documents\GitHub\Amisi-Hospital-Management-System\apps\web
web:build: > next build
web:build: 
@amisimedos/local-server:build: Version 5.9.3
@amisimedos/local-server:build: tsc: The TypeScript Compiler - Version 5.9.3
@amisimedos/local-server:build: 
@amisimedos/local-server:build: COMMON COMMANDS
@amisimedos/local-server:build: 
@amisimedos/local-server:build:   tsc
@amisimedos/local-server:build:   Compiles the current project (tsconfig.json in the working directory.)
@amisimedos/local-server:build: 
@amisimedos/local-server:build:   tsc app.ts util.ts
@amisimedos/local-server:build:   Ignoring tsconfig.json, compiles the specified files with default compiler options.
@amisimedos/local-server:build: 
@amisimedos/local-server:build:   tsc -b
@amisimedos/local-server:build:   Build a composite project in the working directory.
@amisimedos/local-server:build: 
@amisimedos/local-server:build:   tsc --init
@amisimedos/local-server:build:   Creates a tsconfig.json with the recommended settings in the working directory.
@amisimedos/local-server:build: 
@amisimedos/local-server:build:   tsc -p ./path/to/tsconfig.json
@amisimedos/local-server:build:   Compiles the TypeScript project located at the specified path.
@amisimedos/local-server:build: 
@amisimedos/local-server:build:   tsc --help --all
@amisimedos/local-server:build:   An expanded version of this information, showing all possible compiler options
@amisimedos/local-server:build: 
@amisimedos/local-server:build:   tsc --noEmit
@amisimedos/local-server:build:   tsc --target esnext
@amisimedos/local-server:build:   Compiles the current project, with additional settings.
@amisimedos/local-server:build: 
@amisimedos/local-server:build: COMMAND LINE FLAGS
@amisimedos/local-server:build: 
@amisimedos/local-server:build: --help, -h
@amisimedos/local-server:build: Print this message.
@amisimedos/local-server:build: 
@amisimedos/local-server:build: --watch, -w
@amisimedos/local-server:build: Watch input files.
@amisimedos/local-server:build: 
@amisimedos/local-server:build: --all
@amisimedos/local-server:build: Show all compiler options.
@amisimedos/local-server:build: 
@amisimedos/local-server:build: --version, -v
@amisimedos/local-server:build: Print the compiler's version.
@amisimedos/local-server:build: 
@amisimedos/local-server:build: --init
@amisimedos/local-server:build: Initializes a TypeScript project and creates a tsconfig.json file.
@amisimedos/local-server:build: 
@amisimedos/local-server:build: --project, -p
@amisimedos/local-server:build: Compile the project given the path to its configuration file, or to a folder with a 'tsconfig.json'.
@amisimedos/local-server:build: 
@amisimedos/local-server:build: --showConfig
@amisimedos/local-server:build: Print the final configuration instead of building.
@amisimedos/local-server:build: 
@amisimedos/local-server:build: --build, -b
@amisimedos/local-server:build: Build one or more projects and their dependencies, if out of date
@amisimedos/local-server:build: 
@amisimedos/local-server:build: COMMON COMPILER OPTIONS
@amisimedos/local-server:build: 
@amisimedos/local-server:build: --pretty
@amisimedos/local-server:build: Enable color and formatting in TypeScript's output to make compiler errors easier to read.
@amisimedos/local-server:build: type: boolean
@amisimedos/local-server:build: default: true
@amisimedos/local-server:build: 
@amisimedos/local-server:build: --declaration, -d
@amisimedos/local-server:build: Generate .d.ts files from TypeScript and JavaScript files in your project.
@amisimedos/local-server:build: type: boolean
@amisimedos/local-server:build: default: `false`, unless `composite` is set
@amisimedos/local-server:build: 
@amisimedos/local-server:build: --declarationMap
@amisimedos/local-server:build: Create sourcemaps for d.ts files.
@amisimedos/local-server:build: type: boolean
@amisimedos/local-server:build: default: false
@amisimedos/local-server:build: 
@amisimedos/local-server:build: --emitDeclarationOnly
@amisimedos/local-server:build: Only output d.ts files and not JavaScript files.
@amisimedos/local-server:build: type: boolean
@amisimedos/local-server:build: default: false
@amisimedos/local-server:build: 
@amisimedos/local-server:build: --sourceMap
@amisimedos/local-server:build: Create source map files for emitted JavaScript files.
@amisimedos/local-server:build: type: boolean
@amisimedos/local-server:build: default: false
@amisimedos/local-server:build: 
@amisimedos/local-server:build: --noEmit
@amisimedos/local-server:build: Disable emitting files from a compilation.
@amisimedos/local-server:build: type: boolean
@amisimedos/local-server:build: default: false
@amisimedos/local-server:build: 
@amisimedos/local-server:build: --target, -t
@amisimedos/local-server:build: Set the JavaScript language version for emitted JavaScript and include compatible library declarations.
@amisimedos/local-server:build: one of: es5, es6/es2015, es2016, es2017, es2018, es2019, es2020, es2021, es2022, es2023, es2024, esnext
@amisimedos/local-server:build: default: es5
@amisimedos/local-server:build: 
@amisimedos/local-server:build: --module, -m
@amisimedos/local-server:build: Specify what module code is generated.
@amisimedos/local-server:build: one of: none, commonjs, amd, umd, system, es6/es2015, es2020, es2022, esnext, node16, node18, node20, nodenext, preserve
@amisimedos/local-server:build: default: undefined
@amisimedos/local-server:build: 
@amisimedos/local-server:build: --lib
@amisimedos/local-server:build: Specify a set of bundled library declaration files that describe the target runtime environment.
@amisimedos/local-server:build: one or more: es5, es6/es2015, es7/es2016, es2017, es2018, es2019, es2020, es2021, es2022, es2023, es2024, esnext, dom, dom.iterable, dom.asynciterable, webworker, webworker.importscripts, webworker.iterable, webworker.asynciterable, scripthost, es2015.core, es2015.collection, es2015.generator, es2015.iterable, es2015.promise, es2015.proxy, es2015.reflect, es2015.symbol, es2015.symbol.wellknown, es2016.array.include, es2016.intl, es2017.arraybuffer, es2017.date, es2017.object, es2017.sharedmemory, es2017.string, es2017.intl, es2017.typedarrays, es2018.asyncgenerator, es2018.asynciterable/esnext.asynciterable, es2018.intl, es2018.promise, es2018.regexp, es2019.array, es2019.object, es2019.string, es2019.symbol/esnext.symbol, es2019.intl, es2020.bigint/esnext.bigint, es2020.date, es2020.promise, es2020.sharedmemory, es2020.string, es2020.symbol.wellknown, es2020.intl, es2020.number, es2021.promise, es2021.string, es2021.weakref/esnext.weakref, es2021.intl, es2022.array, es2022.error, es2022.intl, es2022.object, es2022.string, es2022.regexp, es2023.array, es2023.collection, es2023.intl, es2024.arraybuffer, es2024.collection, es2024.object/esnext.object, es2024.promise, es2024.regexp/esnext.regexp, es2024.sharedmemory, es2024.string/esnext.string, esnext.array, esnext.collection, esnext.intl, esnext.disposable, esnext.promise, esnext.decorators, esnext.iterator, esnext.float16, esnext.error, esnext.sharedmemory, decorators, decorators.legacy
@amisimedos/local-server:build: default: undefined
@amisimedos/local-server:build: 
@amisimedos/local-server:build: --allowJs
@amisimedos/local-server:build: Allow JavaScript files to be a part of your program. Use the 'checkJs' option to get errors from these files.
@amisimedos/local-server:build: type: boolean
@amisimedos/local-server:build: default: false
@amisimedos/local-server:build: 
@amisimedos/local-server:build: --checkJs
@amisimedos/local-server:build: Enable error reporting in type-checked JavaScript files.
@amisimedos/local-server:build: type: boolean
@amisimedos/local-server:build: default: false
@amisimedos/local-server:build: 
@amisimedos/local-server:build: --jsx
@amisimedos/local-server:build: Specify what JSX code is generated.
@amisimedos/local-server:build: one of: preserve, react, react-native, react-jsx, react-jsxdev
@amisimedos/local-server:build: default: undefined
@amisimedos/local-server:build: 
@amisimedos/local-server:build: --outFile
@amisimedos/local-server:build: Specify a file that bundles all outputs into one JavaScript file. If 'declaration' is true, also designates a file that bundles all .d.ts output.
@amisimedos/local-server:build: 
@amisimedos/local-server:build: --outDir
@amisimedos/local-server:build: Specify an output folder for all emitted files.
@amisimedos/local-server:build: 
@amisimedos/local-server:build: --removeComments
@amisimedos/local-server:build: Disable emitting comments.
@amisimedos/local-server:build: type: boolean
@amisimedos/local-server:build: default: false
@amisimedos/local-server:build: 
@amisimedos/local-server:build: --strict
@amisimedos/local-server:build: Enable all strict type-checking options.
@amisimedos/local-server:build: type: boolean
@amisimedos/local-server:build: default: false
@amisimedos/local-server:build: 
@amisimedos/local-server:build: --types
@amisimedos/local-server:build: Specify type package names to be included without being referenced in a source file.
@amisimedos/local-server:build: 
@amisimedos/local-server:build: --esModuleInterop
@amisimedos/local-server:build: Emit additional JavaScript to ease support for importing CommonJS modules. This enables 'allowSyntheticDefaultImports' for type compatibility.
@amisimedos/local-server:build: type: boolean
@amisimedos/local-server:build: default: false
@amisimedos/local-server:build: 
@amisimedos/local-server:build: You can learn about all of the compiler options at https://aka.ms/tsc
@amisimedos/local-server:build: 
@amisimedos/local-server:build: ΓÇëELIFECYCLEΓÇë Command failed with exit code 1.
@amisimedos/local-server:build: command finished with error, but continuing...
web:build: Γû▓ Next.js 16.1.6 (Turbopack)
web:build: - Environments: .env
web:build: 
web:build:   Creating an optimized production build ...
web:build: Γ£ô Compiled successfully in 14.4s
web:build:   Running TypeScript ...
web:build: Failed to compile.
web:build: 
web:build: ./src/app/[slug]/billing/[id]/page.tsx:54:77
web:build: Type error: Expected 2 arguments, but got 3.
web:build: 
web:build: [0m [90m 52 |[39m         setIsRecording([36mtrue[39m)[33m;[39m
web:build:  [90m 53 |[39m         [36mtry[39m {
web:build: [31m[1m>[22m[39m[90m 54 |[39m             [36mawait[39m recordServiceLevelPayment(selectedItem[33m.[39mid[33m,[39m paymentAmount[33m,[39m [32m'CASH'[39m)[33m;[39m
web:build:  [90m    |[39m                                                                             [31m[1m^[22m[39m
web:build:  [90m 55 |[39m             [90m// Refresh data[39m
web:build:  [90m 56 |[39m             [36mconst[39m updatedInv [33m=[39m [36mawait[39m getInvoiceById(id [36mas[39m string)[33m;[39m
web:build:  [90m 57 |[39m             setInvoice(updatedInv)[33m;[39m[0m
web:build: Next.js build worker exited with code: 1 and signal: null
web:build: ΓÇëELIFECYCLEΓÇë Command failed with exit code 1.
web:build: command finished with error, but continuing...
@amisimedos/database#build: command (C:\Users\amisi\OneDrive\Documents\GitHub\Amisi-Hospital-Management-System\packages\database) C:\Users\amisi\AppData\Local\pnpm\.tools\@pnpm+win-x64\9.0.0\bin\pnpm.CMD run build exited (1)
@amisimedos/local-server#build: command (C:\Users\amisi\OneDrive\Documents\GitHub\Amisi-Hospital-Management-System\apps\local-server) C:\Users\amisi\AppData\Local\pnpm\.tools\@pnpm+win-x64\9.0.0\bin\pnpm.CMD run build exited (1)
web#build: command (C:\Users\amisi\OneDrive\Documents\GitHub\Amisi-Hospital-Management-System\apps\web) C:\Users\amisi\AppData\Local\pnpm\.tools\@pnpm+win-x64\9.0.0\bin\pnpm.CMD run build exited (1)

 Tasks:    1 successful, 4 total
Cached:    0 cached, 4 total
  Time:    45.151s 
Failed:    @amisimedos/database#build, @amisimedos/local-server#build, web#build

 ERROR  run failed: command  exited (1)
ΓÇëELIFECYCLEΓÇë Command failed with exit code 1.
